// Vitest Snapshot v1, https://vitest.dev/guide/snapshot.html

exports[`In silico fragmentation 1`] = `
{
  "_id": "fnc@r@JRUipPQFQQJQYKIQSPiLEUmSUUTu@A@@Zh}\`NOta\`ZfOacxX",
  "data": {
    "masses": {
      "positive": [
        341.07864239965096,
        311.0680777156209,
        233.02112752224093,
        136.99999815418093,
        215.04694834756094,
        197.03638366353093,
        323.0680777156209,
        305.05751303159093,
        227.01056283821092,
        245.02112752224093,
        177.05462056887094,
        99.00767037549093,
        221.03638366353093,
        195.02073359907092,
        195.06518525290093,
        117.01823505952093,
        263.0316922062709,
        160.99999815418093,
        134.98434808972095,
        239.04694834756094,
        213.03129828310094,
        279.0863146209609,
      ],
    },
    "ocl": {
      "idCode": "fnc@r@JRUipPQFQQJQYKIQSPiLEUmSUUTs@A@@@",
    },
  },
}
`;
