// Vitest Snapshot v1

exports[`syncTaxonomies 1`] = `
{
  "_id": 2798939,
  "data": {
    "class": "Candidatus Borrarchaeia",
    "family": "Candidatus Borrarchaeaceae",
    "genus": "Candidatus Borrarchaeum",
    "order": "Candidatus Borrarchaeales",
    "phylum": "Candidatus Borrarchaeota",
    "superkingdom": "Archaea",
  },
}
`;
