// Vitest Snapshot v1, https://vitest.dev/guide/snapshot.html

exports[`syncGNPs 1`] = `
{
  "_id": "CCMSLIB00000001547",
  "data": {
    "ocl": {
      "coordinates": "!BdQXYo\`{VLRdQyf[ASjdY_ae^}cYf_mFiBXeayafAmgY?XNGiHV[ihV{f}dei[c[vBS[azVY^rWGfD\\\\EfzZD^ykxYjRxImfGiyazIm\`Efb[E^Yc[qJTzVSaYnjUG~YkYqJXzVS\`DY?fZVL]YqedyAF_yfecEidZeNedyAF\\\\dN?fZVSjeN?f[~YjeN",
      "idCode": "gfOEPX@@DE@qTzJmPy}~@ZKARx|aXbTjL^rJIQQSSPyQJISJIQPpqSPsPiIIZIYQJZXqIVgQFbuSULuUMUUMSMUMULtuUUM@A@A@zlt@",
      "noStereoTautomerID": "gfOEPX@@DE@qTzJmPy}~@ZKARx|aTfTjL^rJIQQSSPyQJISJIQPpqSQRpiIIZIYQJZXqIVgQFcUSUUUUUUUUUUUUUUUUUUU@A@@AjV@X\`XpXXXxXTXtXLXlX\\\\X|XBXbXRXrXJXjXZXzXFXfXVXvXNXnX^X~XAXaXQXqXIXiXYXEXeXUXuXMXmX]X}XCXcXSXsXkX[XWXoX_XhxQA\`Aidq|L_CCjfOacxX",
    },
    "spectrum": {
      "adduct": "M+H",
      "data": {
        "x": [
          361.84436,
          375.751953,
          427.667358,
          443.266113,
          446.267273,
          447.747498,
          455.25,
          456.107544,
          469.872314,
          471.062195,
          476.975159,
          478.891113,
          479.975952,
          487.210388,
          491.191956,
          495.653992,
          503.028198,
          504.344543,
          510.176514,
          515.922852,
          520.973389,
          523.168945,
          530.991211,
          538.003174,
          539.217773,
          540.672852,
          554.117432,
          556.030396,
          557.288818,
          564.123047,
          564.94873,
          566.439941,
          571.33374,
          575.219238,
          577.102905,
          582.110107,
          585.237061,
          598.172485,
          599.352783,
          600.382812,
          602.267578,
          622.208984,
          623.023193,
          641.235107,
          659.420898,
          668.33252,
          680.219727,
          681.987793,
          691.648682,
          693.22583,
          696.332397,
          711.744873,
          714.071777,
          715.578979,
          724.081909,
          735.806396,
          769.275635,
          787.432617,
          828.517456,
          830.409302,
          831.306763,
          838.518677,
          839.455811,
          847.433594,
          848.125854,
          851.380859,
          852.370605,
          853.270508,
          865.5979,
          866.295654,
          868.372192,
          877.137451,
          883.442261,
          888.167114,
          889.282959,
          893.467896,
          899.010132,
          909.424438,
          910.515381,
          915.217773,
          919.39624,
          922.205688,
          925.063721,
          931.132812,
          932.351929,
          933.524048,
          935.493286,
          936.552002,
          937.588623,
          938.471069,
          939.61792,
          946.257812,
          949.370239,
          951.551758,
          953.396606,
          954.491577,
          963.686768,
          964.524658,
          965.192139,
          982.221924,
        ],
        "y": [
          0.031779292447709225,
          0.03321417406670565,
          0.08912354500780226,
          0.05811074356167179,
          0.030701496227059227,
          0.03831408603796092,
          0.09278857536006112,
          0.13785327583342816,
          0.11457340066943703,
          0.04117861725546517,
          0.0371865856226693,
          0.03648026285670935,
          0.04347155023459072,
          0.043013748441838896,
          0.07203576609206001,
          0.042128228974144664,
          0.040081200957982954,
          0.04763885455375443,
          0.050869627205460136,
          0.10302371544086966,
          0.03774510380982652,
          0.07707550982769648,
          0.04165342311480492,
          0.28900242373349133,
          0.3561645627404277,
          0.057390032739368206,
          0.09970269043573575,
          0.2804637662961088,
          0.06928503132018266,
          0.033970201027307224,
          0.045296217379987264,
          0.04651789416407355,
          0.08018725401328672,
          0.055102331780731255,
          0.03865155135947512,
          0.13351462284326307,
          0.048100580361872695,
          0.034119313611232105,
          1,
          0.1494618212924922,
          0.035504491035586894,
          0.031113517840535863,
          0.08363384751014685,
          0.08616222141125905,
          0.05489566697143186,
          0.08593593652512743,
          0.05804141929019794,
          0.031975493216031436,
          0.0381636654489139,
          0.04387703182245662,
          0.1585446088606883,
          0.04273906736618781,
          0.06603725460188903,
          0.0713739155002531,
          0.11577153336132465,
          0.0680450424643863,
          0.0549349071250963,
          0.04316809304625237,
          0.04202882058486141,
          0.13417908944531426,
          0.08540488644553532,
          0.03421741399539321,
          0.09418421682539309,
          0.25697330230745186,
          0.05184539902658259,
          0.32199162091918754,
          0.3621630742305987,
          0.057834754480898545,
          0.058463904944651764,
          0.14520426461990024,
          0.10205448364535796,
          0.039411502335443147,
          0.06440748021969254,
          0.05367660619758987,
          0.03243198700366111,
          0.03074596840121226,
          0.03745211066246536,
          0.31933113850073835,
          0.057251384196420514,
          0.037219285750723,
          0.1122647716288457,
          0.049524997939891936,
          0.056760882275614995,
          0.08074577220044393,
          0.17874805597738722,
          0.03296434508837537,
          0.04433614162033059,
          0.13489456824712925,
          0.08842768628281948,
          0.04627591321647616,
          0.10109440788570129,
          0.05046806963296068,
          0.11172979753388715,
          0.03923361363883101,
          0.7132303410100154,
          0.1621102308236639,
          0.34214536384124483,
          0.4161601416831148,
          0.1627223772208292,
          0.03550841505095334,
        ],
      },
      "instrument": "qTof",
      "ionMode": "Positive",
      "ionSource": "LC-ESI",
      "libraryQualityLevel": "Gold",
      "msLevel": 2,
      "numberOfPeaks": 100,
      "precursorMz": 981.54,
    },
  },
}
`;
