// Jest Snapshot v1, https://goo.gl/fbAQLP

exports[`pubmeds 1`] = `
Array [
  Object {
    "_id": Object {
      "_t": "5188002",
      "version": "1",
    },
    "_seq": 0,
    "data": Object {
      "article": Object {
        "articletitle": "[How a medication originates].",
        "journal": Object {
          "isoabbreviation": "Agnes Karll Schwest Krankenpfleger",
          "issn": Object {
            "issntype": "Print",
            "t": "0944-9175",
          },
          "journalissue": Object {
            "citedmedium": "Print",
            "issue": "9",
            "pubdate": Object {
              "month": "Sep",
              "year": "1968",
            },
            "volume": "22",
          },
          "title": "Die Agnes Karll-Schwester, der Krankenpfleger",
        },
        "language": "ger",
        "pagination": "402-4",
        "publicationtypelist": Object {
          "t": "Journal Article",
          "ui": "D016428",
        },
        "pubmodel": "Print",
        "vernaculartitle": "Wie ein Medikament entsteht.",
      },
      "chemicallist": Object {
        "nameofsubstance": Object {
          "t": "Pharmaceutical Preparations",
          "ui": "D004364",
        },
        "registrynumber": "0",
      },
      "datecompleted": Object {
        "day": "06",
        "month": "11",
        "year": "1968",
      },
      "daterevised": Object {
        "day": "21",
        "month": "10",
        "year": "2014",
      },
      "medlinejournalinfo": Object {
        "country": "Germany",
        "issnlinking": "0944-9175",
        "medlineta": "Agnes Karll Schwest Krankenpfleger",
        "nlmuniqueid": "0321470",
      },
      "meshheadinglist": Array [
        Object {
          "majortopicyn": "N",
          "t": "Drug Compounding",
          "ui": "D004339",
        },
        Object {
          "majortopicyn": "N",
          "t": "Human Experimentation",
          "ui": "D006805",
        },
        Object {
          "majortopicyn": "N",
          "t": "Nursing",
          "ui": "D009729",
        },
        Object {
          "majortopicyn": "N",
          "t": "Pharmaceutical Preparations",
          "ui": "D004364",
        },
        Object {
          "majortopicyn": "N",
          "t": "Research",
          "ui": "D012106",
        },
      ],
      "owner": "NLM",
      "pmid": Object {
        "t": "5188002",
        "version": "1",
      },
      "status": "MEDLINE",
    },
  },
  Object {
    "_id": Object {
      "_t": "5188003",
      "version": "1",
    },
    "_seq": 0,
    "data": Object {
      "article": Object {
        "articletitle": "[From the life and work of Professor Domagks].",
        "journal": Object {
          "isoabbreviation": "Agnes Karll Schwest Krankenpfleger",
          "issn": Object {
            "issntype": "Print",
            "t": "0944-9175",
          },
          "journalissue": Object {
            "citedmedium": "Print",
            "issue": "9",
            "pubdate": Object {
              "month": "Sep",
              "year": "1968",
            },
            "volume": "22",
          },
          "title": "Die Agnes Karll-Schwester, der Krankenpfleger",
        },
        "language": "ger",
        "pagination": "405",
        "publicationtypelist": Object {
          "t": "Journal Article",
          "ui": "D016428",
        },
        "pubmodel": "Print",
        "vernaculartitle": "Aus Professor Domagks Leben und Wirken.",
      },
      "chemicallist": Object {
        "nameofsubstance": Object {
          "t": "Sulfonamides",
          "ui": "D013449",
        },
        "registrynumber": "0",
      },
      "datecompleted": Object {
        "day": "06",
        "month": "11",
        "year": "1968",
      },
      "daterevised": Object {
        "day": "21",
        "month": "10",
        "year": "2014",
      },
      "medlinejournalinfo": Object {
        "country": "Germany",
        "issnlinking": "0944-9175",
        "medlineta": "Agnes Karll Schwest Krankenpfleger",
        "nlmuniqueid": "0321470",
      },
      "meshheadinglist": Array [
        Object {
          "majortopicyn": "N",
          "t": "Germany, East",
          "type": "Geographic",
          "ui": "D005859",
        },
        Object {
          "majortopicyn": "N",
          "t": "Nobel Prize",
          "ui": "D009613",
        },
        Object {
          "majortopicyn": "N",
          "t": "Nursing",
          "ui": "D009729",
        },
        Object {
          "descriptorname": Object {
            "majortopicyn": "N",
            "t": "Sulfonamides",
            "ui": "D013449",
          },
          "qualifiername": Object {
            "majortopicyn": "N",
            "t": "history",
            "ui": "Q000266",
          },
        },
      ],
      "owner": "NLM",
      "personalnamesubjectlist": Object {
        "forename": "G",
        "initials": "G",
        "lastname": "Domagk",
      },
      "pmid": Object {
        "t": "5188003",
        "version": "1",
      },
      "status": "MEDLINE",
    },
  },
  Object {
    "_id": Object {
      "_t": "5188004",
      "version": "1",
    },
    "_seq": 0,
    "data": Object {
      "article": Object {
        "articletitle": "[Nobel Prize winner Chain and penicillin].",
        "journal": Object {
          "isoabbreviation": "Agnes Karll Schwest Krankenpfleger",
          "issn": Object {
            "issntype": "Print",
            "t": "0944-9175",
          },
          "journalissue": Object {
            "citedmedium": "Print",
            "issue": "9",
            "pubdate": Object {
              "month": "Sep",
              "year": "1968",
            },
            "volume": "22",
          },
          "title": "Die Agnes Karll-Schwester, der Krankenpfleger",
        },
        "language": "ger",
        "pagination": "406",
        "publicationtypelist": Object {
          "t": "Journal Article",
          "ui": "D016428",
        },
        "pubmodel": "Print",
        "vernaculartitle": "Nobelpreistr√§ger Chain und das Penicillin.",
      },
      "chemicallist": Object {
        "nameofsubstance": Object {
          "t": "Penicillins",
          "ui": "D010406",
        },
        "registrynumber": "0",
      },
      "datecompleted": Object {
        "day": "06",
        "month": "11",
        "year": "1968",
      },
      "daterevised": Object {
        "day": "21",
        "month": "10",
        "year": "2014",
      },
      "medlinejournalinfo": Object {
        "country": "Germany",
        "issnlinking": "0944-9175",
        "medlineta": "Agnes Karll Schwest Krankenpfleger",
        "nlmuniqueid": "0321470",
      },
      "meshheadinglist": Array [
        Object {
          "majortopicyn": "N",
          "t": "Berlin",
          "type": "Geographic",
          "ui": "D001604",
        },
        Object {
          "majortopicyn": "N",
          "t": "Nobel Prize",
          "ui": "D009613",
        },
        Object {
          "majortopicyn": "N",
          "t": "Nursing",
          "ui": "D009729",
        },
        Object {
          "descriptorname": Object {
            "majortopicyn": "N",
            "t": "Penicillins",
            "ui": "D010406",
          },
          "qualifiername": Object {
            "majortopicyn": "N",
            "t": "history",
            "ui": "Q000266",
          },
        },
      ],
      "owner": "NLM",
      "personalnamesubjectlist": Object {
        "forename": "E B",
        "initials": "EB",
        "lastname": "Chain",
      },
      "pmid": Object {
        "t": "5188004",
        "version": "1",
      },
      "status": "MEDLINE",
    },
  },
  Object {
    "_id": Object {
      "_t": "5188005",
      "version": "1",
    },
    "_seq": 0,
    "data": Object {
      "article": Object {
        "articletitle": "[On the care and handling of medications in the hospital].",
        "authorlist": Object {
          "author": Object {
            "forename": "B",
            "initials": "B",
            "lastname": "Jandke",
            "validyn": "Y",
          },
          "completeyn": "Y",
        },
        "journal": Object {
          "isoabbreviation": "Agnes Karll Schwest Krankenpfleger",
          "issn": Object {
            "issntype": "Print",
            "t": "0944-9175",
          },
          "journalissue": Object {
            "citedmedium": "Print",
            "issue": "9",
            "pubdate": Object {
              "month": "Sep",
              "year": "1968",
            },
            "volume": "22",
          },
          "title": "Die Agnes Karll-Schwester, der Krankenpfleger",
        },
        "language": "ger",
        "pagination": "407-8",
        "publicationtypelist": Object {
          "t": "Journal Article",
          "ui": "D016428",
        },
        "pubmodel": "Print",
        "vernaculartitle": "Uber die Versorgung und den Umagang mit Arzneimitteln im Krankenhaus.",
      },
      "datecompleted": Object {
        "day": "06",
        "month": "11",
        "year": "1968",
      },
      "daterevised": Object {
        "day": "21",
        "month": "10",
        "year": "2014",
      },
      "medlinejournalinfo": Object {
        "country": "Germany",
        "issnlinking": "0944-9175",
        "medlineta": "Agnes Karll Schwest Krankenpfleger",
        "nlmuniqueid": "0321470",
      },
      "meshheadinglist": Array [
        Object {
          "majortopicyn": "N",
          "t": "Medication Systems, Hospital",
          "ui": "D008510",
        },
        Object {
          "majortopicyn": "N",
          "t": "Nursing",
          "ui": "D009729",
        },
        Object {
          "majortopicyn": "N",
          "t": "Pharmacy Service, Hospital",
          "ui": "D010607",
        },
      ],
      "owner": "NLM",
      "pmid": Object {
        "t": "5188005",
        "version": "1",
      },
      "status": "MEDLINE",
    },
  },
  Object {
    "_id": Object {
      "_t": "5188006",
      "version": "1",
    },
    "_seq": 0,
    "data": Object {
      "article": Object {
        "articletitle": "[Is the \\"liberal\\" drug legislation in need of revision?].",
        "journal": Object {
          "isoabbreviation": "Agnes Karll Schwest Krankenpfleger",
          "issn": Object {
            "issntype": "Print",
            "t": "0944-9175",
          },
          "journalissue": Object {
            "citedmedium": "Print",
            "issue": "9",
            "pubdate": Object {
              "month": "Sep",
              "year": "1968",
            },
            "volume": "22",
          },
          "title": "Die Agnes Karll-Schwester, der Krankenpfleger",
        },
        "language": "ger",
        "pagination": "409-10",
        "publicationtypelist": Object {
          "t": "Journal Article",
          "ui": "D016428",
        },
        "pubmodel": "Print",
        "vernaculartitle": "Ist das \\"liberale\\" Arzneimittelgesetz revisionsbed√ºrftig?",
      },
      "datecompleted": Object {
        "day": "06",
        "month": "11",
        "year": "1968",
      },
      "daterevised": Object {
        "day": "21",
        "month": "10",
        "year": "2014",
      },
      "medlinejournalinfo": Object {
        "country": "Germany",
        "issnlinking": "0944-9175",
        "medlineta": "Agnes Karll Schwest Krankenpfleger",
        "nlmuniqueid": "0321470",
      },
      "meshheadinglist": Array [
        Object {
          "majortopicyn": "N",
          "t": "Germany, West",
          "type": "Geographic",
          "ui": "D005860",
        },
        Object {
          "majortopicyn": "N",
          "t": "Legislation, Pharmacy",
          "ui": "D007885",
        },
        Object {
          "majortopicyn": "N",
          "t": "Nursing",
          "ui": "D009729",
        },
      ],
      "owner": "NLM",
      "pmid": Object {
        "t": "5188006",
        "version": "1",
      },
      "status": "MEDLINE",
    },
  },
]
`;
