// Vitest Snapshot v1, https://vitest.dev/guide/snapshot.html

exports[`Aggregation mfs 1`] = `
{
  "_id": "C12H9N3S2",
  "data": {
    "atoms": {
      "C": 12,
      "H": 9,
      "N": 3,
      "S": 2,
    },
    "count": 1,
    "em": 259.02378965215996,
    "unsaturation": 10,
  },
}
`;
