// Vitest Snapshot v1, https://vitest.dev/guide/snapshot.html

exports[`Aggregation mfsCHNOSClF 1`] = `
{
  "_id": "C100H110N4",
  "data": {
    "count": 5,
    "em": 1366.87304956302,
    "unsaturation": 48,
  },
}
`;
