// Jest Snapshot v1, https://goo.gl/fbAQLP

exports[`syncPatents 1`] = `
{
  "_id": 59478,
  "data": {
    "nbPatents": 3,
    "patents": [
      "US20030147822A1",
      "EP2078065A2",
      "JP2008031406A",
    ],
  },
}
`;
