// Vitest Snapshot v1, https://vitest.dev/guide/snapshot.html

exports[`syncPatents 1`] = `
{
  "_id": 59478,
  "data": {
    "nbPatents": 3,
    "patents": [
      "US20030147822A1",
      "EP-2078065-A2",
      "JP-2008031406-A",
    ],
  },
}
`;
