// Vitest Snapshot v1, https://vitest.dev/guide/snapshot.html

exports[`smiles search (compounds) 2`] = `
[
  {
    "_id": 160056959,
    "data": {
      "atoms": {
        "C": 12,
        "H": 9,
        "N": 3,
        "S": 2,
      },
      "charge": 0,
      "em": 259.02378965215996,
      "inchi": "InChI=1S/C12H9N3S2/c13-8-1-3-9(4-2-8)16-10-5-6-11-12(7-10)15-17-14-11/h1-7H,13H2",
      "inchiKey": "OPAAXBCEKMMTKB-UHFFFAOYSA-N",
      "iupac": "4-(2,1,3-benzothiadiazol-5-ylsulfanyl)aniline",
      "mf": "C12H9N3S2",
      "molfile": "166451518
  -OEChem-01312300422D

 26 28  0     0  0  0  0  0  0999 V2000
    6.0010    1.3100    0.0000 S   0  0  0  0  0  0  0  0  0  0  0  0
   10.1289    0.3100    0.0000 S   0  0  0  0  0  0  0  0  0  0  0  0
    9.5453    1.1147    0.0000 N   0  0  0  0  0  0  0  0  0  0  0  0
    9.5453   -0.4947    0.0000 N   0  0  0  0  0  0  0  0  0  0  0  0
    2.5369   -0.6900    0.0000 N   0  0  0  0  0  0  0  0  0  0  0  0
    6.8671    0.8100    0.0000 C   0  0  0  0  0  0  0  0  0  0  0  0
    8.5991    0.8100    0.0000 C   0  0  0  0  0  0  0  0  0  0  0  0
    8.5991   -0.1900    0.0000 C   0  0  0  0  0  0  0  0  0  0  0  0
    7.7331    1.3100    0.0000 C   0  0  0  0  0  0  0  0  0  0  0  0
    5.1350    0.8100    0.0000 C   0  0  0  0  0  0  0  0  0  0  0  0
    6.8671   -0.1900    0.0000 C   0  0  0  0  0  0  0  0  0  0  0  0
    7.7331   -0.6900    0.0000 C   0  0  0  0  0  0  0  0  0  0  0  0
    5.1350   -0.1900    0.0000 C   0  0  0  0  0  0  0  0  0  0  0  0
    4.2690    1.3100    0.0000 C   0  0  0  0  0  0  0  0  0  0  0  0
    3.4030   -0.1900    0.0000 C   0  0  0  0  0  0  0  0  0  0  0  0
    4.2690   -0.6900    0.0000 C   0  0  0  0  0  0  0  0  0  0  0  0
    3.4030    0.8100    0.0000 C   0  0  0  0  0  0  0  0  0  0  0  0
    7.7331    1.9300    0.0000 H   0  0  0  0  0  0  0  0  0  0  0  0
    6.3301   -0.5000    0.0000 H   0  0  0  0  0  0  0  0  0  0  0  0
    7.7331   -1.3100    0.0000 H   0  0  0  0  0  0  0  0  0  0  0  0
    5.6720   -0.5000    0.0000 H   0  0  0  0  0  0  0  0  0  0  0  0
    4.2690    1.9300    0.0000 H   0  0  0  0  0  0  0  0  0  0  0  0
    4.2690   -1.3100    0.0000 H   0  0  0  0  0  0  0  0  0  0  0  0
    2.8660    1.1200    0.0000 H   0  0  0  0  0  0  0  0  0  0  0  0
    2.0000   -0.3800    0.0000 H   0  0  0  0  0  0  0  0  0  0  0  0
    2.5369   -1.3100    0.0000 H   0  0  0  0  0  0  0  0  0  0  0  0
  1  6  1  0  0  0  0
  1 10  1  0  0  0  0
  2  3  1  0  0  0  0
  2  4  1  0  0  0  0
  3  7  2  0  0  0  0
  4  8  2  0  0  0  0
  5 15  1  0  0  0  0
  5 25  1  0  0  0  0
  5 26  1  0  0  0  0
  6  9  2  0  0  0  0
  6 11  1  0  0  0  0
  7  8  1  0  0  0  0
  7  9  1  0  0  0  0
  8 12  1  0  0  0  0
  9 18  1  0  0  0  0
 10 13  2  0  0  0  0
 10 14  1  0  0  0  0
 11 12  2  0  0  0  0
 11 19  1  0  0  0  0
 12 20  1  0  0  0  0
 13 16  1  0  0  0  0
 13 21  1  0  0  0  0
 14 17  2  0  0  0  0
 14 22  1  0  0  0  0
 15 16  2  0  0  0  0
 15 17  1  0  0  0  0
 16 23  1  0  0  0  0
 17 24  1  0  0  0  0
M  END
",
      "mw": 259.34998199391646,
      "nbFragments": 1,
      "ocl": {
        "acceptorCount": 3,
        "coordinates": "!BkIbli~AexAjH@hc}bOvH@h\`BbOw~_x\`BbOvH?X\`BbOt",
        "donorCount": 1,
        "idCode": "fhypA@HHB@HdDIRjklkxIpSoTmKP@U@@@",
        "index": [
          -372854016,
          705757313,
          268435584,
          1082130432,
          -2136997628,
          262656,
          19136532,
          -2012739572,
          135270432,
          2228260,
          1310976,
          134548608,
          -2138046462,
          262144,
          4194304,
          1065090,
        ],
        "logP": 3.3200000412762165,
        "logS": -0.10999985039234161,
        "noStereoTautomerID": "fhypA@HHB@HdDIRjklkxIpSoTmKUUUP@Z|UcVCXmavOXSc}HXFmcxX~F@",
        "polarSurfaceArea": 105.34000015258789,
        "rotatableBondCount": 2,
        "stereoCenterCount": 0,
      },
      "unsaturation": 10,
    },
  },
]
`;
