// Vitest Snapshot v1, https://vitest.dev/guide/snapshot.html

exports[`syncNpatlases 1`] = `
{
  "_id": "NPA000001",
  "data": {
    "iupacName": "Curvularide C",
    "ocl": {
      "coordinates": "!B?g~w_Xa}mpJH@k]}?\`BH_[\\\\B?g~H?Oy?b@Jw?[]}bGw~@Ha}b@K~_xa}?g~H@ha}",
      "idCode": "ficaP@D@tZK\\\\bbRbTRdQT\\\\VfZfjjjjjjXRLPiZIUU@d@",
      "noStereoTautomerID": "ficaP@K@xXO\\\\dTfTvbbJbfTVjijjjjjj@CUFlFq~dLMTq|L_C@",
    },
    "taxonomies": [
      {
        "class": "Dothideomycetes",
        "dbRef": {
          "$id": "NPA000001",
          "$ref": "npAtlases",
        },
        "family": "Pleosporaceae",
        "genus": "Curvularia",
        "kingdom": "Fungi",
        "phylum": "Ascomycota",
        "species": "Curvularia geniculata",
      },
    ],
  },
}
`;
